
> event-vault@0.1.0 build
> next build

  Γû▓ Next.js 14.2.16
  - Environments: .env

   Creating an optimized production build ...
 Γ£ô Compiled successfully
   Linting and checking validity of types ...
node.exe : Failed to 
compile.
At line:1 char:1
+ & "C:\Program Files
\nodejs/node.exe" 
"C:\Program 
Files\nodejs/node_mo 
...
+ ~~~~~~~~~~~~~~~~~~~
~~~~~~~~~~~~~~~~~~~~~
~~~~~~~~~~~~~~~~~~~~~
~~~~~~~~
    + CategoryInfo   
           : NotSpe  
  cified: (Failed    
 to compile.:Stri    
ng) [], RemoteEx    
ception
    + FullyQualified 
   ErrorId : Native  
  CommandError
 

./src/app/dashboard/e
vents/actions.ts:19:9
Type error: Variable 
'sections' 
implicitly has type 
'any[]' in some 
locations where its 
type cannot be 
determined.

[0m [90m 17 
|[39m[0m
[0m [90m 18 |[39m 
    [90m// Find and 
apply template if 
templateId is 
provided[39m[0m
[0m[31m[1m>[22m[
39m[90m 19 |[39m   
  [36mlet[39m 
sections [33m=[39m 
[][0m
[0m [90m    |[39m 
        [31m[1m^[2
2m[39m[0m
[0m [90m 20 |[39m 
    [36mif[39m (dat
a[33m.[39mtemplateI
d) {[0m
[0m [90m 21 |[39m 
        
[36mconst[39m 
template [33m=[39m 
[33mEVENT_TEMPLATES
[39m[33m.[39mfind(t
 [33m=>[39m 
t[33m.[39mid 
[33m===[39m data[3
3m.[39mtemplateId)[
0m
[0m [90m 22 |[39m 
        [36mif[39m 
(template) {[0m
